<html>
<head>
    <title>Default Options</title>
</head>
<body>
<p>Some content</p>
	<script src="vendor/external/file1.js?v=2"></script>
	<script src="vendor/external/file2.js?v=2"></script>
	<script src="vendor/external/lib/lib1.js?v=2"></script>
	<script src="vendor/external/test.js?v=2"></script>
</body>
</html>