<html>
<head>
    <title>Default Options</title>
</head>
<body>
<p>Some content</p>
	<script src="test/dummies_libs/file1.js"></script>
	<script src="test/dummies_libs/file2.js"></script>
	<script src="test/dummies_libs/lib/lib1.js"></script>
	<script src="test/dummies_libs/test.js"></script>
</body>
</html>